// Jest Snapshot v1, https://goo.gl/fbAQLP

exports[`compare the snapshot 1`] = `
<div>
  <h2>
    The Cool Movies
  </h2>
  <ul>
    <li
      onClick={[Function]}
    >
      Movie 1
    </li>
  </ul>
</div>
`;
